#-----------------------------------------------------------
# Vivado v2021.2 (64-bit)
# SW Build 3367213 on Tue Oct 19 02:48:09 MDT 2021
# IP Build 3369179 on Thu Oct 21 08:25:16 MDT 2021
# Start of session at: Thu Mar 31 17:14:06 2022
# Process ID: 4432
# Current directory: C:/Users/user2/Desktop/LedSimple
# Command line: vivado.exe -gui_launcher_event rodinguilauncherevent9072 C:\Users\user2\Desktop\LedSimple\LedSimple.xpr
# Log file: C:/Users/user2/Desktop/LedSimple/vivado.log
# Journal file: C:/Users/user2/Desktop/LedSimple\vivado.jou
# Running On: funda8, OS: Windows, CPU Frequency: 3192 MHz, CPU Physical cores: 4, Host memory: 17054 MB
#-----------------------------------------------------------
start_gui
open_project C:/Users/user2/Desktop/LedSimple/LedSimple.xpr
update_compile_order -fileset sources_1
open_hw_manager
connect_hw_server -allow_non_jtag
open_hw_target
set_property PROGRAM.FILE {C:/Users/user2/Desktop/LedSimple/LedSimple.runs/impl_1/encendedorLed.bit} [get_hw_devices xc7a35t_0]
current_hw_device [get_hw_devices xc7a35t_0]
refresh_hw_device -update_hw_probes false [lindex [get_hw_devices xc7a35t_0] 0]
set_property PROBES.FILE {} [get_hw_devices xc7a35t_0]
set_property FULL_PROBES.FILE {} [get_hw_devices xc7a35t_0]
set_property PROGRAM.FILE {C:/Users/user2/Desktop/LedSimple/LedSimple.runs/impl_1/encendedorLed.bit} [get_hw_devices xc7a35t_0]
program_hw_devices [get_hw_devices xc7a35t_0]
refresh_hw_device [lindex [get_hw_devices xc7a35t_0] 0]
close_hw_manager
